// Vitest Snapshot v1, https://vitest.dev/guide/snapshot.html

exports[`indexSubscriptionPluginEvents > should index all events properly 1`] = `
[
  {
    "creatorAddress": "0x13EF7f422829C7139CEb4695762Ba87e86437e5C",
    "description": "Share your videos with friends, family, and the world",
    "destinationChain": 80002,
    "isActive": true,
    "logoUrl": "https://t3.ftcdn.net/jpg/05/07/46/84/240_F_507468479_HfrpT7CIoYTBZSGRQi7RcWgo98wo3vb7.jpg",
    "name": "YT Nigeria",
    "onchainReference": 1,
    "receivingAddress": "0xF65330dC75e32B20Be62f503a337cD1a072f898f",
    "tokenAddress": "0x0Fd9e8d3aF1aaee056EB9e802c3A762a667b1904",
    "type": "SUBSCRIPTION",
  },
  {
    "creatorAddress": "0x13EF7f422829C7139CEb4695762Ba87e86437e5C",
    "description": "Monthly debt repayment for eniola",
    "destinationChain": 80002,
    "isActive": true,
    "logoUrl": "https://amoy.polygonscan.com/assets/poly/images/svg/logos/logo-dim.svg?v=24.5.4.0",
    "name": "Debt repayment",
    "onchainReference": 2,
    "receivingAddress": "0xF65330dC75e32B20Be62f503a337cD1a072f898f",
    "tokenAddress": "0x0Fd9e8d3aF1aaee056EB9e802c3A762a667b1904",
    "type": "RECURRING",
  },
  {
    "creatorAddress": "0x13EF7f422829C7139CEb4695762Ba87e86437e5C",
    "description": "A new music service with official albums, singles, videos, remixes, live performances and more for Android, iOS and desktop. It's all here.",
    "destinationChain": 80002,
    "isActive": true,
    "logoUrl": "https://music.youtube.com/img/on_platform_logo_dark.svg",
    "name": "YT Music Nigeria",
    "onchainReference": 3,
    "receivingAddress": "0xF65330dC75e32B20Be62f503a337cD1a072f898f",
    "tokenAddress": "0x0Fd9e8d3aF1aaee056EB9e802c3A762a667b1904",
    "type": "SUBSCRIPTION",
  },
]
`;

exports[`indexSubscriptionPluginEvents > should index all events properly 2`] = `
[
  {
    "chargeInterval": 3600,
    "isActive": true,
    "onchainReference": 1,
    "price": "100000000000000000",
    "productOnchainReference": 1,
  },
  {
    "chargeInterval": 9000,
    "isActive": true,
    "onchainReference": 2,
    "price": "200000000000000000",
    "productOnchainReference": 1,
  },
  {
    "chargeInterval": 2592000,
    "isActive": true,
    "onchainReference": 3,
    "price": "500000000000000000",
    "productOnchainReference": 2,
  },
  {
    "chargeInterval": 3600,
    "isActive": true,
    "onchainReference": 4,
    "price": "500000000000000000",
    "productOnchainReference": 3,
  },
]
`;

exports[`indexSubscriptionPluginEvents > should index all events properly 3`] = `
[
  {
    "creatorAddress": "0x13EF7f422829C7139CEb4695762Ba87e86437e5C",
    "isActive": true,
    "lastChargeDate": 2024-05-29T02:12:05.000Z,
    "onchainReference": 0,
    "planOnchainReference": 3,
    "productOnchainReference": 2,
    "subscriberAddress": "0x13EF7f422829C7139CEb4695762Ba87e86437e5C",
    "subscriptionExpiry": 2024-09-06T02:10:39.000Z,
  },
  {
    "creatorAddress": "0x13EF7f422829C7139CEb4695762Ba87e86437e5C",
    "isActive": true,
    "lastChargeDate": 2024-05-29T02:17:19.000Z,
    "onchainReference": 1,
    "planOnchainReference": 1,
    "productOnchainReference": 1,
    "subscriberAddress": "0x13EF7f422829C7139CEb4695762Ba87e86437e5C",
    "subscriptionExpiry": 1970-01-01T00:00:00.000Z,
  },
  {
    "creatorAddress": "0x13EF7f422829C7139CEb4695762Ba87e86437e5C",
    "isActive": false,
    "lastChargeDate": 2024-05-29T02:20:27.000Z,
    "onchainReference": 2,
    "planOnchainReference": 4,
    "productOnchainReference": 3,
    "subscriberAddress": "0x13EF7f422829C7139CEb4695762Ba87e86437e5C",
    "subscriptionExpiry": 2024-09-05T16:49:49.000Z,
  },
]
`;

exports[`indexSubscriptionPluginEvents > should index all events properly 4`] = `
[
  {
    "amount": "500000000000000000",
    "narration": "Recurring payment made to 0xF65330dC75e32B20Be62f503a337cD1a072f898f",
    "onchainReference": "0x87b5057d4ce7103f528ab21e5ede2931aafabb1b033e104d7e82658af303a303",
    "recipient": "0xF65330dC75e32B20Be62f503a337cD1a072f898f",
    "sender": "0x13EF7f422829C7139CEb4695762Ba87e86437e5C",
    "status": "SUCCESS",
    "subscriptionOnchainReference": 0,
    "tokenAddress": "0x0Fd9e8d3aF1aaee056EB9e802c3A762a667b1904",
    "type": "WITHDRAWAL",
  },
  {
    "amount": "500000000000000000",
    "narration": "Recurring payment received from 0x13EF7f422829C7139CEb4695762Ba87e86437e5C",
    "onchainReference": "0x87b5057d4ce7103f528ab21e5ede2931aafabb1b033e104d7e82658af303a303",
    "recipient": "0xF65330dC75e32B20Be62f503a337cD1a072f898f",
    "sender": "0x13EF7f422829C7139CEb4695762Ba87e86437e5C",
    "status": "SUCCESS",
    "subscriptionOnchainReference": 0,
    "tokenAddress": "0x0Fd9e8d3aF1aaee056EB9e802c3A762a667b1904",
    "type": "DEPOSIT",
  },
  {
    "amount": "100000000000000000",
    "narration": "Subscription fee charged",
    "onchainReference": "0x004ea934e59d689187e41bb1852f551a9497699c2e08ca36ddad2e4825e19028",
    "recipient": "0x13EF7f422829C7139CEb4695762Ba87e86437e5C",
    "sender": "0x13EF7f422829C7139CEb4695762Ba87e86437e5C",
    "status": "SUCCESS",
    "subscriptionOnchainReference": 1,
    "tokenAddress": "0x0Fd9e8d3aF1aaee056EB9e802c3A762a667b1904",
    "type": "WITHDRAWAL",
  },
  {
    "amount": "100000000000000000",
    "narration": "Subscription fee received",
    "onchainReference": "0x004ea934e59d689187e41bb1852f551a9497699c2e08ca36ddad2e4825e19028",
    "recipient": "0x13EF7f422829C7139CEb4695762Ba87e86437e5C",
    "sender": "0x13EF7f422829C7139CEb4695762Ba87e86437e5C",
    "status": "SUCCESS",
    "subscriptionOnchainReference": 1,
    "tokenAddress": "0x0Fd9e8d3aF1aaee056EB9e802c3A762a667b1904",
    "type": "DEPOSIT",
  },
  {
    "amount": "500000000000000000",
    "narration": "Subscription fee charged",
    "onchainReference": "0x67ee590c8e4dea9e45fe869573ae36968f54a4644cc3a724cf77c88c2ef266fb",
    "recipient": "0x13EF7f422829C7139CEb4695762Ba87e86437e5C",
    "sender": "0x13EF7f422829C7139CEb4695762Ba87e86437e5C",
    "status": "SUCCESS",
    "subscriptionOnchainReference": 2,
    "tokenAddress": "0x0Fd9e8d3aF1aaee056EB9e802c3A762a667b1904",
    "type": "WITHDRAWAL",
  },
  {
    "amount": "500000000000000000",
    "narration": "Subscription fee received",
    "onchainReference": "0x67ee590c8e4dea9e45fe869573ae36968f54a4644cc3a724cf77c88c2ef266fb",
    "recipient": "0x13EF7f422829C7139CEb4695762Ba87e86437e5C",
    "sender": "0x13EF7f422829C7139CEb4695762Ba87e86437e5C",
    "status": "SUCCESS",
    "subscriptionOnchainReference": 2,
    "tokenAddress": "0x0Fd9e8d3aF1aaee056EB9e802c3A762a667b1904",
    "type": "DEPOSIT",
  },
]
`;
